
Running 1 test using 1 worker

[1/10] Creating confirmed user via Supabase admin API: e2e_user_17009984@testrunner.dev
node.exe :       Admin API failed: TypeError: Failed to parse URL from your_supabase_project_url/auth/v1/admin/users
At line:1 char:1
+ & "D:\/node.exe" "C:\Users\kedog\AppData\Roaming\npm/node_modules/npm ...
+ ~~~~~~~~~~~~~~~~~~~~~~~~~~~~~~~~~~~~~~~~~~~~~~~~~~~~~~~~~~~~~~~~~~~~~
    + CategoryInfo          : NotSpecified: (      Admin API.../v1/admin/users:String) [], RemoteException
    + FullyQualifiedErrorId : NativeCommandError
 
      Falling back to UI signup flow...
  x  1 [chromium] ΓÇ║ tests\full-user-journey.spec.ts:253:7 ΓÇ║ Espeezy ΓÇö Full User Journey ΓÇ║ sign up ΓåÆ team ΓåÆ tasks ΓåÆ analytics ΓåÆ export ΓåÆ delete account (771ms)
[1/10] Creating confirmed user via Supabase admin API: e2e_user_17013352@testrunner.dev
      Admin API failed: TypeError: Failed to parse URL from your_supabase_project_url/auth/v1/admin/users
      Falling back to UI signup flow...
  x  2 [chromium] ΓÇ║ tests\full-user-journey.spec.ts:253:7 ΓÇ║ Espeezy ΓÇö Full User Journey ΓÇ║ sign up ΓåÆ team ΓåÆ tasks ΓåÆ analytics ΓåÆ export ΓåÆ delete account (retry #1) (547ms)


  1) [chromium] ΓÇ║ tests\full-user-journey.spec.ts:253:7 ΓÇ║ Espeezy ΓÇö Full User Journey ΓÇ║ sign up ΓåÆ team ΓåÆ tasks ΓåÆ analytics ΓåÆ export ΓåÆ delete account 

    TypeError: Failed to parse URL from your_supabase_project_url/auth/v1/token?grant_type=password

      64 |   password: string
      65 | ): Promise<{ access_token: string; refresh_token: string; user: Record<string, unknown> }> {
    > 66 |   const tokenRes = await fetch(`${SUPABASE_URL}/auth/v1/token?grant_type=password`, {
         |                    ^
      67 |     method: 'POST',
      68 |     headers: { 'Content-Type': 'application/json', 'apikey': ANON_KEY },
      69 |     body: JSON.stringify({ email, password }),
        at injectSession (C:\Users\kedog\Documents\GitHub\espeezysourcecode\tests\full-user-journey.spec.ts:66:20)
        at C:\Users\kedog\Documents\GitHub\espeezysourcecode\tests\full-user-journey.spec.ts:269:25
    [cause]: TypeError: Invalid URL
        at injectSession (C:\Users\kedog\Documents\GitHub\espeezysourcecode\tests\full-user-journey.spec.ts:66:26)
        at C:\Users\kedog\Documents\GitHub\espeezysourcecode\tests\full-user-journey.spec.ts:269:31

    attachment #1: screenshot (image/png) ΓöÇΓöÇΓöÇΓöÇΓöÇΓöÇΓöÇΓöÇΓöÇΓöÇΓöÇΓöÇΓöÇΓöÇΓöÇΓöÇΓöÇΓöÇΓöÇΓöÇΓöÇΓöÇΓöÇΓöÇΓöÇΓöÇΓöÇΓöÇΓöÇΓöÇΓöÇΓöÇΓöÇΓöÇΓöÇΓöÇΓöÇΓöÇΓöÇΓöÇΓöÇΓöÇΓöÇΓöÇΓöÇΓöÇΓöÇΓöÇΓöÇΓöÇΓöÇΓöÇΓöÇΓöÇΓöÇΓöÇΓöÇΓöÇ
    test-results\full-user-journey-Espeezy--5a355-s-ΓåÆ-export-ΓåÆ-delete-account-chromium\test-failed-1.png
    ΓöÇΓöÇΓöÇΓöÇΓöÇΓöÇΓöÇΓöÇΓöÇΓöÇΓöÇΓöÇΓöÇΓöÇΓöÇΓöÇΓöÇΓöÇΓöÇΓöÇΓöÇΓöÇΓöÇΓöÇΓöÇΓöÇΓöÇΓöÇΓöÇΓöÇΓöÇΓöÇΓöÇΓöÇΓöÇΓöÇΓöÇΓöÇΓöÇΓöÇΓöÇΓöÇΓöÇΓöÇΓöÇΓöÇΓöÇΓöÇΓöÇΓöÇΓöÇΓöÇΓöÇΓöÇΓöÇΓöÇΓöÇΓöÇΓöÇΓöÇΓöÇΓöÇΓöÇΓöÇΓöÇΓöÇΓöÇΓöÇΓöÇΓöÇΓöÇΓöÇΓöÇΓöÇΓöÇΓöÇΓöÇΓöÇΓöÇΓöÇΓöÇΓöÇΓöÇΓöÇΓöÇΓöÇΓöÇΓöÇΓöÇΓöÇΓöÇΓöÇΓöÇΓöÇΓöÇΓöÇ

    attachment #2: video (video/webm) ΓöÇΓöÇΓöÇΓöÇΓöÇΓöÇΓöÇΓöÇΓöÇΓöÇΓöÇΓöÇΓöÇΓöÇΓöÇΓöÇΓöÇΓöÇΓöÇΓöÇΓöÇΓöÇΓöÇΓöÇΓöÇΓöÇΓöÇΓöÇΓöÇΓöÇΓöÇΓöÇΓöÇΓöÇΓöÇΓöÇΓöÇΓöÇΓöÇΓöÇΓöÇΓöÇΓöÇΓöÇΓöÇΓöÇΓöÇΓöÇΓöÇΓöÇΓöÇΓöÇΓöÇΓöÇΓöÇΓöÇΓöÇΓöÇΓöÇΓöÇΓöÇΓöÇ
    test-results\full-user-journey-Espeezy--5a355-s-ΓåÆ-export-ΓåÆ-delete-account-chromium\video.webm
    ΓöÇΓöÇΓöÇΓöÇΓöÇΓöÇΓöÇΓöÇΓöÇΓöÇΓöÇΓöÇΓöÇΓöÇΓöÇΓöÇΓöÇΓöÇΓöÇΓöÇΓöÇΓöÇΓöÇΓöÇΓöÇΓöÇΓöÇΓöÇΓöÇΓöÇΓöÇΓöÇΓöÇΓöÇΓöÇΓöÇΓöÇΓöÇΓöÇΓöÇΓöÇΓöÇΓöÇΓöÇΓöÇΓöÇΓöÇΓöÇΓöÇΓöÇΓöÇΓöÇΓöÇΓöÇΓöÇΓöÇΓöÇΓöÇΓöÇΓöÇΓöÇΓöÇΓöÇΓöÇΓöÇΓöÇΓöÇΓöÇΓöÇΓöÇΓöÇΓöÇΓöÇΓöÇΓöÇΓöÇΓöÇΓöÇΓöÇΓöÇΓöÇΓöÇΓöÇΓöÇΓöÇΓöÇΓöÇΓöÇΓöÇΓöÇΓöÇΓöÇΓöÇΓöÇΓöÇΓöÇ

    Error Context: test-results\full-user-journey-Espeezy--5a355-s-ΓåÆ-export-ΓåÆ-delete-account-chromium\error-context.md

    Retry #1 ΓöÇΓöÇΓöÇΓöÇΓöÇΓöÇΓöÇΓöÇΓöÇΓöÇΓöÇΓöÇΓöÇΓöÇΓöÇΓöÇΓöÇΓöÇΓöÇΓöÇΓöÇΓöÇΓöÇΓöÇΓöÇΓöÇΓöÇΓöÇΓöÇΓöÇΓöÇΓöÇΓöÇΓöÇΓöÇΓöÇΓöÇΓöÇΓöÇΓöÇΓöÇΓöÇΓöÇΓöÇΓöÇΓöÇΓöÇΓöÇΓöÇΓöÇΓöÇΓöÇΓöÇΓöÇΓöÇΓöÇΓöÇΓöÇΓöÇΓöÇΓöÇΓöÇΓöÇΓöÇΓöÇΓöÇΓöÇΓöÇΓöÇΓöÇΓöÇΓöÇΓöÇΓöÇΓöÇΓöÇΓöÇΓöÇΓöÇΓöÇΓöÇΓöÇΓöÇΓöÇΓöÇΓöÇΓöÇ

    TypeError: Failed to parse URL from your_supabase_project_url/auth/v1/token?grant_type=password

      64 |   password: string
      65 | ): Promise<{ access_token: string; refresh_token: string; user: Record<string, unknown> }> {
    > 66 |   const tokenRes = await fetch(`${SUPABASE_URL}/auth/v1/token?grant_type=password`, {
         |                    ^
      67 |     method: 'POST',
      68 |     headers: { 'Content-Type': 'application/json', 'apikey': ANON_KEY },
      69 |     body: JSON.stringify({ email, password }),
        at injectSession (C:\Users\kedog\Documents\GitHub\espeezysourcecode\tests\full-user-journey.spec.ts:66:20)
        at C:\Users\kedog\Documents\GitHub\espeezysourcecode\tests\full-user-journey.spec.ts:269:25
    [cause]: TypeError: Invalid URL
        at injectSession (C:\Users\kedog\Documents\GitHub\espeezysourcecode\tests\full-user-journey.spec.ts:66:26)
        at C:\Users\kedog\Documents\GitHub\espeezysourcecode\tests\full-user-journey.spec.ts:269:31

    attachment #1: screenshot (image/png) ΓöÇΓöÇΓöÇΓöÇΓöÇΓöÇΓöÇΓöÇΓöÇΓöÇΓöÇΓöÇΓöÇΓöÇΓöÇΓöÇΓöÇΓöÇΓöÇΓöÇΓöÇΓöÇΓöÇΓöÇΓöÇΓöÇΓöÇΓöÇΓöÇΓöÇΓöÇΓöÇΓöÇΓöÇΓöÇΓöÇΓöÇΓöÇΓöÇΓöÇΓöÇΓöÇΓöÇΓöÇΓöÇΓöÇΓöÇΓöÇΓöÇΓöÇΓöÇΓöÇΓöÇΓöÇΓöÇΓöÇΓöÇΓöÇ
    test-results\full-user-journey-Espeezy--5a355-s-ΓåÆ-export-ΓåÆ-delete-account-chromium-retry1\test-failed-1.png
    ΓöÇΓöÇΓöÇΓöÇΓöÇΓöÇΓöÇΓöÇΓöÇΓöÇΓöÇΓöÇΓöÇΓöÇΓöÇΓöÇΓöÇΓöÇΓöÇΓöÇΓöÇΓöÇΓöÇΓöÇΓöÇΓöÇΓöÇΓöÇΓöÇΓöÇΓöÇΓöÇΓöÇΓöÇΓöÇΓöÇΓöÇΓöÇΓöÇΓöÇΓöÇΓöÇΓöÇΓöÇΓöÇΓöÇΓöÇΓöÇΓöÇΓöÇΓöÇΓöÇΓöÇΓöÇΓöÇΓöÇΓöÇΓöÇΓöÇΓöÇΓöÇΓöÇΓöÇΓöÇΓöÇΓöÇΓöÇΓöÇΓöÇΓöÇΓöÇΓöÇΓöÇΓöÇΓöÇΓöÇΓöÇΓöÇΓöÇΓöÇΓöÇΓöÇΓöÇΓöÇΓöÇΓöÇΓöÇΓöÇΓöÇΓöÇΓöÇΓöÇΓöÇΓöÇΓöÇΓöÇ

    attachment #2: video (video/webm) ΓöÇΓöÇΓöÇΓöÇΓöÇΓöÇΓöÇΓöÇΓöÇΓöÇΓöÇΓöÇΓöÇΓöÇΓöÇΓöÇΓöÇΓöÇΓöÇΓöÇΓöÇΓöÇΓöÇΓöÇΓöÇΓöÇΓöÇΓöÇΓöÇΓöÇΓöÇΓöÇΓöÇΓöÇΓöÇΓöÇΓöÇΓöÇΓöÇΓöÇΓöÇΓöÇΓöÇΓöÇΓöÇΓöÇΓöÇΓöÇΓöÇΓöÇΓöÇΓöÇΓöÇΓöÇΓöÇΓöÇΓöÇΓöÇΓöÇΓöÇΓöÇΓöÇ
    test-results\full-user-journey-Espeezy--5a355-s-ΓåÆ-export-ΓåÆ-delete-account-chromium-retry1\video.webm
    ΓöÇΓöÇΓöÇΓöÇΓöÇΓöÇΓöÇΓöÇΓöÇΓöÇΓöÇΓöÇΓöÇΓöÇΓöÇΓöÇΓöÇΓöÇΓöÇΓöÇΓöÇΓöÇΓöÇΓöÇΓöÇΓöÇΓöÇΓöÇΓöÇΓöÇΓöÇΓöÇΓöÇΓöÇΓöÇΓöÇΓöÇΓöÇΓöÇΓöÇΓöÇΓöÇΓöÇΓöÇΓöÇΓöÇΓöÇΓöÇΓöÇΓöÇΓöÇΓöÇΓöÇΓöÇΓöÇΓöÇΓöÇΓöÇΓöÇΓöÇΓöÇΓöÇΓöÇΓöÇΓöÇΓöÇΓöÇΓöÇΓöÇΓöÇΓöÇΓöÇΓöÇΓöÇΓöÇΓöÇΓöÇΓöÇΓöÇΓöÇΓöÇΓöÇΓöÇΓöÇΓöÇΓöÇΓöÇΓöÇΓöÇΓöÇΓöÇΓöÇΓöÇΓöÇΓöÇΓöÇ

    Error Context: test-results\full-user-journey-Espeezy--5a355-s-ΓåÆ-export-ΓåÆ-delete-account-chromium-retry1\error-context.md

    attachment #4: trace (application/zip) ΓöÇΓöÇΓöÇΓöÇΓöÇΓöÇΓöÇΓöÇΓöÇΓöÇΓöÇΓöÇΓöÇΓöÇΓöÇΓöÇΓöÇΓöÇΓöÇΓöÇΓöÇΓöÇΓöÇΓöÇΓöÇΓöÇΓöÇΓöÇΓöÇΓöÇΓöÇΓöÇΓöÇΓöÇΓöÇΓöÇΓöÇΓöÇΓöÇΓöÇΓöÇΓöÇΓöÇΓöÇΓöÇΓöÇΓöÇΓöÇΓöÇΓöÇΓöÇΓöÇΓöÇΓöÇΓöÇΓöÇΓöÇ
    test-results\full-user-journey-Espeezy--5a355-s-ΓåÆ-export-ΓåÆ-delete-account-chromium-retry1\trace.zip
    Usage:

        npx playwright show-trace test-results\full-user-journey-Espeezy--5a355-s-ΓåÆ-export-ΓåÆ-delete-account-chromium-retry1\trace.zip

    ΓöÇΓöÇΓöÇΓöÇΓöÇΓöÇΓöÇΓöÇΓöÇΓöÇΓöÇΓöÇΓöÇΓöÇΓöÇΓöÇΓöÇΓöÇΓöÇΓöÇΓöÇΓöÇΓöÇΓöÇΓöÇΓöÇΓöÇΓöÇΓöÇΓöÇΓöÇΓöÇΓöÇΓöÇΓöÇΓöÇΓöÇΓöÇΓöÇΓöÇΓöÇΓöÇΓöÇΓöÇΓöÇΓöÇΓöÇΓöÇΓöÇΓöÇΓöÇΓöÇΓöÇΓöÇΓöÇΓöÇΓöÇΓöÇΓöÇΓöÇΓöÇΓöÇΓöÇΓöÇΓöÇΓöÇΓöÇΓöÇΓöÇΓöÇΓöÇΓöÇΓöÇΓöÇΓöÇΓöÇΓöÇΓöÇΓöÇΓöÇΓöÇΓöÇΓöÇΓöÇΓöÇΓöÇΓöÇΓöÇΓöÇΓöÇΓöÇΓöÇΓöÇΓöÇΓöÇΓöÇ

  1 failed
    [chromium] ΓÇ║ tests\full-user-journey.spec.ts:253:7 ΓÇ║ Espeezy ΓÇö Full User Journey ΓÇ║ sign up ΓåÆ team ΓåÆ tasks ΓåÆ analytics ΓåÆ export ΓåÆ delete account 
